// Jest Snapshot v1, https://goo.gl/fbAQLP

exports[`Test Switch without attr 1`] = `
<input
  class="switch switch--default switch--medium"
  data-testid="switch"
  type="checkbox"
/>
`;
